---
source: src/resp/decoder/mod.rs
expression: x
---
Buf(
    [
        104,
        101,
        108,
        108,
        111,
    ],
)
