---
source: src/resp/decoder/mod.rs
expression: x
---
String(
    "hello world",
)
