---
source: src/resp/decoder/mod.rs
expression: x.into_string().unwrap()
---
"hello"
